{
  "version": "3",
  "listProblem": [
    {
      "tool": "Qodana Intellij Linter",
      "category": "Probable bugs",
      "type": "Statement with empty body",
      "severity": "High",
      "comment": "Argument matches the parameter's default value",
      "detailsInfo": "<html>\n<body>\nReports <code>if</code>, <code>while</code>, <code>do</code>, <code>for</code>, and <code>switch</code> statements\nwith empty bodies.\n<p>While occasionally intended, such code is confusing and is often the result of a typo.</p>\n<!-- tooltip end -->\n<p>This inspection is disabled in JSP files.</p>\n</body>\n</html>",
      "sources": [
        {
          "type": "file",
          "path": "wp-includes/deprecated.php",
          "language": "PHP",
          "line": 1733,
          "offset": 47,
          "length": 2,
          "code": {
            "startLine": 1731,
            "length": 2,
            "offset": 91,
            "surroundingCode": " */\nfunction make_url_footnote( $content ) {\n\t_deprecated_function( __FUNCTION__, '2.9.0', '' );\n\tpreg_match_all( '/<a(.+?)href=\\\"(.+?)\\\"(.*?)>(.+?)<\\/a>/', $content, $matches );\n\t$links_summary = \"\\n\";"
          }
        }
      ],
      "attributes": {
        "module": "root.asm-util.main",
        "inspectionName": "EmptyStatementBody",
        "isTechDebt": "true"
      },
      "hash": "c4406ef27470a515f616155fe7ffa92c3e6b7a3833a49323cb4fefd81d3d01ef"
    },
    {
      "tool": "Qodana Intellij Linter",
      "category": "Probable bugs",
      "type": "Statement with empty body",
      "severity": "High",
      "comment": "Argument matches the parameter's default value",
      "detailsInfo": "<html>\n<body>\nReports <code>if</code>, <code>while</code>, <code>do</code>, <code>for</code>, and <code>switch</code> statements\nwith empty bodies.\n<p>While occasionally intended, such code is confusing and is often the result of a typo.</p>\n<!-- tooltip end -->\n<p>This inspection is disabled in JSP files.</p>\n</body>\n</html>",
      "sources": [
        {
          "type": "file",
          "path": "wp-includes/deprecated.php",
          "language": "PHP",
          "line": 2720,
          "offset": 78,
          "length": 4,
          "code": {
            "startLine": 2718,
            "length": 4,
            "offset": 126,
            "surroundingCode": "\t_deprecated_function( __FUNCTION__, '3.3.0' );\n\n\techo get_boundary_post_rel_link($title, $in_same_cat, $excluded_categories, true);\n}\n"
          }
        }
      ],
      "attributes": {
        "module": "root.asm-util.main",
        "inspectionName": "EmptyStatementBody"
      },
      "hash": "21fc525599339e758326644928cf5219f9f68409b18708d1b16ccf04511f53d5"
    },
    {
      "tool": "Qodana Intellij Linter",
      "category": "Probable bugs",
      "type": "Statement with empty body",
      "severity": "High",
      "comment": "Argument matches the parameter's default value",
      "detailsInfo": "<html>\n<body>\nReports <code>if</code>, <code>while</code>, <code>do</code>, <code>for</code>, and <code>switch</code> statements\nwith empty bodies.\n<p>While occasionally intended, such code is confusing and is often the result of a typo.</p>\n<!-- tooltip end -->\n<p>This inspection is disabled in JSP files.</p>\n</body>\n</html>",
      "sources": [
        {
          "type": "file",
          "path": "wp-includes/deprecated.php",
          "language": "PHP",
          "line": 2720,
          "offset": 78,
          "length": 4,
          "code": {
            "startLine": 2718,
            "length": 4,
            "offset": 126,
            "surroundingCode": "\t_deprecated_function( __FUNCTION__, '3.3.0' );\n\n\techo get_boundary_post_rel_link($title, $in_same_cat, $excluded_categories, true);\n}\n"
          }
        }
      ],
      "attributes": {
        "module": "root.asm-util.main",
        "inspectionName": "EmptyStatementBody"
      },
      "hash": "ac5714b0b15b7e8c4311899afd1c2b44069865039f2a9d309dcab04eddd4681d"
    },
    {
      "tool": "Qodana Intellij Linter",
      "category": "Probable bugs",
      "type": "Statement with empty body",
      "severity": "High",
      "comment": "Argument matches the parameter's default value",
      "detailsInfo": "<html>\n<body>\nReports <code>if</code>, <code>while</code>, <code>do</code>, <code>for</code>, and <code>switch</code> statements\nwith empty bodies.\n<p>While occasionally intended, such code is confusing and is often the result of a typo.</p>\n<!-- tooltip end -->\n<p>This inspection is disabled in JSP files.</p>\n</body>\n</html>",
      "sources": [
        {
          "type": "file",
          "path": "wp-includes/deprecated.php",
          "language": "PHP",
          "line": 2720,
          "offset": 78,
          "length": 4,
          "code": {
            "startLine": 2718,
            "length": 4,
            "offset": 126,
            "surroundingCode": "\t_deprecated_function( __FUNCTION__, '3.3.0' );\n\n\techo get_boundary_post_rel_link($title, $in_same_cat, $excluded_categories, true);\n}\n"
          }
        }
      ],
      "attributes": {
        "module": "root.asm-util.main",
        "inspectionName": "EmptyStatementBody",
        "isTechDebt": "true"
      },
      "hash": "ad5714b0b15b7e8c4311891afd1c2b44069865039f2a9d309dcab04eddd4681d"
    }
  ]
}