{
  "total": 3,
  "tools inspection": {
    "Qodana Intellij Linter": 3
  },
  "attributes": {
    "vcs": {
      "sarifIdea": {
        "repositoryUri": "https://github.com/avafanasiev/intellij-deps-asm",
        "revisionId": "f55adc0d1729ec6197c08f6ad95eab821bced960",
        "branch": "master"
      }
    }
  }
}