{
  "total": 36,
  "tools inspection": {
    "Intellij Plugin Verifier": 36
  },
  "attributes": {
    "vcs": {
      "sarifIdea": {
        "repositoryUri": "TODO()"
      }
    }
  }
}